[debug] [2026-05-03T16:29:56.669Z] ----------------------------------------------------------------------
[debug] [2026-05-03T16:29:56.670Z] Command:       /usr/local/bin/node /Users/sanjeevchaurasia/My Projects/Project LifeLedger/functions/node_modules/.bin/firebase deploy --only functions
[debug] [2026-05-03T16:29:56.670Z] CLI Version:   15.16.0
[debug] [2026-05-03T16:29:56.670Z] Platform:      darwin
[debug] [2026-05-03T16:29:56.670Z] Node Version:  v24.14.0
[debug] [2026-05-03T16:29:56.670Z] Time:          Sun May 03 2026 21:59:56 GMT+0530 (India Standard Time)
[debug] [2026-05-03T16:29:56.670Z] ----------------------------------------------------------------------
[debug] 
[debug] [2026-05-03T16:29:57.259Z] > command requires scopes: ["email","openid","https://www.googleapis.com/auth/cloudplatformprojects.readonly","https://www.googleapis.com/auth/firebase","https://www.googleapis.com/auth/cloud-platform"]
[debug] [2026-05-03T16:29:57.259Z] > authorizing via signed-in user (csk1916313@gmail.com)
[debug] [2026-05-03T16:29:57.260Z] [iam] checking project lifeledger-b2539 for permissions ["cloudfunctions.functions.create","cloudfunctions.functions.delete","cloudfunctions.functions.get","cloudfunctions.functions.list","cloudfunctions.functions.update","cloudfunctions.operations.get","firebase.projects.get"]
[debug] [2026-05-03T16:29:57.260Z] Checked if tokens are valid: true, expires at: 1777827846740
[debug] [2026-05-03T16:29:57.260Z] Checked if tokens are valid: true, expires at: 1777827846740
[debug] [2026-05-03T16:29:57.260Z] >>> [apiv2][query] POST https://cloudresourcemanager.googleapis.com/v1/projects/lifeledger-b2539:testIamPermissions [none]
[debug] [2026-05-03T16:29:57.260Z] >>> [apiv2][(partial)header] POST https://cloudresourcemanager.googleapis.com/v1/projects/lifeledger-b2539:testIamPermissions  x-goog-user-project=lifeledger-b2539
[debug] [2026-05-03T16:29:57.260Z] >>> [apiv2][body] POST https://cloudresourcemanager.googleapis.com/v1/projects/lifeledger-b2539:testIamPermissions {"permissions":["cloudfunctions.functions.create","cloudfunctions.functions.delete","cloudfunctions.functions.get","cloudfunctions.functions.list","cloudfunctions.functions.update","cloudfunctions.operations.get","firebase.projects.get"]}
[debug] [2026-05-03T16:29:59.480Z] <<< [apiv2][status] POST https://cloudresourcemanager.googleapis.com/v1/projects/lifeledger-b2539:testIamPermissions 200
[debug] [2026-05-03T16:29:59.480Z] <<< [apiv2][body] POST https://cloudresourcemanager.googleapis.com/v1/projects/lifeledger-b2539:testIamPermissions {"permissions":["cloudfunctions.functions.create","cloudfunctions.functions.delete","cloudfunctions.functions.get","cloudfunctions.functions.list","cloudfunctions.functions.update","cloudfunctions.operations.get","firebase.projects.get"]}
[debug] [2026-05-03T16:29:59.481Z] Checked if tokens are valid: true, expires at: 1777827846740
[debug] [2026-05-03T16:29:59.481Z] Checked if tokens are valid: true, expires at: 1777827846740
[debug] [2026-05-03T16:29:59.481Z] >>> [apiv2][query] POST https://iam.googleapis.com/v1/projects/lifeledger-b2539/serviceAccounts/lifeledger-b2539@appspot.gserviceaccount.com:testIamPermissions [none]
[debug] [2026-05-03T16:29:59.481Z] >>> [apiv2][body] POST https://iam.googleapis.com/v1/projects/lifeledger-b2539/serviceAccounts/lifeledger-b2539@appspot.gserviceaccount.com:testIamPermissions {"permissions":["iam.serviceAccounts.actAs"]}
[debug] [2026-05-03T16:30:01.834Z] <<< [apiv2][status] POST https://iam.googleapis.com/v1/projects/lifeledger-b2539/serviceAccounts/lifeledger-b2539@appspot.gserviceaccount.com:testIamPermissions 200
[debug] [2026-05-03T16:30:01.835Z] <<< [apiv2][body] POST https://iam.googleapis.com/v1/projects/lifeledger-b2539/serviceAccounts/lifeledger-b2539@appspot.gserviceaccount.com:testIamPermissions {"permissions":["iam.serviceAccounts.actAs"]}
[info] 
[info] === Deploying to 'lifeledger-b2539'...
[info] 
[info] i  deploying functions 
[debug] [2026-05-03T16:30:01.840Z] Checked if tokens are valid: true, expires at: 1777827846740
[debug] [2026-05-03T16:30:01.840Z] Checked if tokens are valid: true, expires at: 1777827846740
[debug] [2026-05-03T16:30:01.840Z] >>> [apiv2][query] GET https://cloudresourcemanager.googleapis.com/v1/projects/lifeledger-b2539 [none]
[debug] [2026-05-03T16:30:02.229Z] <<< [apiv2][status] GET https://cloudresourcemanager.googleapis.com/v1/projects/lifeledger-b2539 200
[debug] [2026-05-03T16:30:02.229Z] <<< [apiv2][body] GET https://cloudresourcemanager.googleapis.com/v1/projects/lifeledger-b2539 {"projectNumber":"515498022915","projectId":"lifeledger-b2539","lifecycleState":"ACTIVE","name":"LifeLedger","labels":{"firebase":"enabled","firebase-core":"disabled"},"createTime":"2026-03-03T20:27:14.270574Z"}
[info] i  functions: preparing codebase default for deployment 
[info] i  functions: ensuring required API cloudfunctions.googleapis.com is enabled... 
[info] i  functions: ensuring required API cloudbuild.googleapis.com is enabled... 
[info] i  artifactregistry: ensuring required API artifactregistry.googleapis.com is enabled... 
[debug] [2026-05-03T16:30:02.233Z] Checked if tokens are valid: true, expires at: 1777827846740
[debug] [2026-05-03T16:30:02.233Z] Checked if tokens are valid: true, expires at: 1777827846740
[debug] [2026-05-03T16:30:02.233Z] >>> [apiv2][query] GET https://firebase.googleapis.com/v1beta1/projects/lifeledger-b2539/adminSdkConfig [none]
[debug] [2026-05-03T16:30:03.216Z] <<< [apiv2][status] GET https://firebase.googleapis.com/v1beta1/projects/lifeledger-b2539/adminSdkConfig 200
[debug] [2026-05-03T16:30:03.216Z] <<< [apiv2][body] GET https://firebase.googleapis.com/v1beta1/projects/lifeledger-b2539/adminSdkConfig {"projectId":"lifeledger-b2539","databaseURL":"https://lifeledger-b2539-default-rtdb.firebaseio.com","storageBucket":"lifeledger-b2539.firebasestorage.app"}
[debug] [2026-05-03T16:30:03.216Z] Checked if tokens are valid: true, expires at: 1777827846740
[debug] [2026-05-03T16:30:03.216Z] Checked if tokens are valid: true, expires at: 1777827846740
[debug] [2026-05-03T16:30:03.216Z] >>> [apiv2][query] GET https://runtimeconfig.googleapis.com/v1beta1/projects/lifeledger-b2539/configs [none]
[debug] [2026-05-03T16:30:04.945Z] <<< [apiv2][status] GET https://runtimeconfig.googleapis.com/v1beta1/projects/lifeledger-b2539/configs 200
[debug] [2026-05-03T16:30:04.946Z] <<< [apiv2][body] GET https://runtimeconfig.googleapis.com/v1beta1/projects/lifeledger-b2539/configs {}
[debug] [2026-05-03T16:30:04.948Z] Validating nodejs source
[warn] ⚠  functions: Runtime Node.js 20 was deprecated on 2026-04-30 and will be decommissioned on 2026-10-30, after which you will not be able to deploy without upgrading. Consider upgrading now to avoid disruption. See https://cloud.google.com/functions/docs/runtime-support for full details on the lifecycle policy 
[debug] [2026-05-03T16:30:05.956Z] > [functions] package.json contents: {
  "name": "lifeledger-functions",
  "private": true,
  "type": "module",
  "engines": {
    "node": "20"
  },
  "main": "src/index.js",
  "scripts": {
    "serve": "firebase emulators:start --only functions",
    "deploy": "firebase deploy --only functions"
  },
  "dependencies": {
    "firebase-admin": "^13.8.0",
    "firebase-functions": "^7.2.5",
    "firebase-tools": "^15.16.0",
    "nodemailer": "^8.0.7"
  }
}
[debug] [2026-05-03T16:30:05.956Z] Building nodejs source
[info] i  functions: Loading and analyzing source code for codebase default to determine what to deploy 
[debug] [2026-05-03T16:30:05.957Z] Could not find functions.yaml. Must use http discovery
[debug] [2026-05-03T16:30:05.960Z] Found firebase-functions binary at '/Users/sanjeevchaurasia/My Projects/Project LifeLedger/functions/node_modules/.bin/firebase-functions'
[info] Serving at port 8681

[debug] [2026-05-03T16:30:06.195Z] Got response from /__/functions.yaml {"endpoints":{"processEmailJob":{"availableMemoryMb":null,"timeoutSeconds":null,"minInstances":null,"maxInstances":null,"ingressSettings":null,"concurrency":null,"serviceAccountEmail":null,"vpc":null,"platform":"gcfv2","region":["asia-south1"],"labels":{},"eventTrigger":{"eventType":"google.cloud.firestore.document.v1.created","eventFilters":{"database":"(default)","namespace":"(default)"},"eventFilterPathPatterns":{"document":"email_jobs/{jobId}"},"retry":false},"entryPoint":"processEmailJob"}},"specVersion":"v1alpha1","requiredAPIs":[],"extensions":{}}
[info] i  extensions: ensuring required API firebaseextensions.googleapis.com is enabled... 
[debug] [2026-05-03T16:30:10.220Z] > command requires scopes: ["email","openid","https://www.googleapis.com/auth/cloudplatformprojects.readonly","https://www.googleapis.com/auth/firebase","https://www.googleapis.com/auth/cloud-platform"]
[debug] [2026-05-03T16:30:10.220Z] > authorizing via signed-in user (csk1916313@gmail.com)
[debug] [2026-05-03T16:30:10.220Z] [iam] checking project lifeledger-b2539 for permissions ["firebase.projects.get","firebaseextensions.instances.list"]
[debug] [2026-05-03T16:30:10.221Z] Checked if tokens are valid: true, expires at: 1777827846740
[debug] [2026-05-03T16:30:10.221Z] Checked if tokens are valid: true, expires at: 1777827846740
[debug] [2026-05-03T16:30:10.221Z] >>> [apiv2][query] POST https://cloudresourcemanager.googleapis.com/v1/projects/lifeledger-b2539:testIamPermissions [none]
[debug] [2026-05-03T16:30:10.221Z] >>> [apiv2][(partial)header] POST https://cloudresourcemanager.googleapis.com/v1/projects/lifeledger-b2539:testIamPermissions  x-goog-user-project=lifeledger-b2539
[debug] [2026-05-03T16:30:10.221Z] >>> [apiv2][body] POST https://cloudresourcemanager.googleapis.com/v1/projects/lifeledger-b2539:testIamPermissions {"permissions":["firebase.projects.get","firebaseextensions.instances.list"]}
[debug] [2026-05-03T16:30:12.113Z] <<< [apiv2][status] POST https://cloudresourcemanager.googleapis.com/v1/projects/lifeledger-b2539:testIamPermissions 200
[debug] [2026-05-03T16:30:12.114Z] <<< [apiv2][body] POST https://cloudresourcemanager.googleapis.com/v1/projects/lifeledger-b2539:testIamPermissions {"permissions":["firebase.projects.get","firebaseextensions.instances.list"]}
[debug] [2026-05-03T16:30:12.114Z] Checked if tokens are valid: true, expires at: 1777827846740
[debug] [2026-05-03T16:30:12.115Z] Checked if tokens are valid: true, expires at: 1777827846740
[debug] [2026-05-03T16:30:12.115Z] >>> [apiv2][query] GET https://firebaseextensions.googleapis.com/v1beta/projects/lifeledger-b2539/instances pageSize=100&pageToken=
[debug] [2026-05-03T16:30:14.346Z] <<< [apiv2][status] GET https://firebaseextensions.googleapis.com/v1beta/projects/lifeledger-b2539/instances 200
[debug] [2026-05-03T16:30:14.346Z] <<< [apiv2][body] GET https://firebaseextensions.googleapis.com/v1beta/projects/lifeledger-b2539/instances {}
[debug] [2026-05-03T16:30:14.350Z] Failed to validate key FUNCTION_REGION: Error: Key FUNCTION_REGION is reserved for internal use.
[error] Error: Failed to load environment variables from .env.:
[error] - Error Key FUNCTION_REGION is reserved for internal use.
